// Jest Snapshot v1, https://goo.gl/fbAQLP

exports[`DogList renders a list of dogs 1`] = `
<div>
  <div
    class="dog-list"
  >
    <a
      class="dog-link"
      href="/dogs/10"
    >
      <div>
        <p>
          meet
        </p>
        <h1>
          Barton
        </h1>
        <img
          src="https://placedog.net/500?id=6"
        />
      </div>
    </a>
    <a
      class="dog-link"
      href="/dogs/21"
    >
      <div>
        <p>
          meet
        </p>
        <h1>
          Olive
        </h1>
        <img
          src=""
        />
      </div>
    </a>
    <a
      class="dog-link"
      href="/dogs/11"
    >
      <div>
        <p>
          meet
        </p>
        <h1>
          Happy
        </h1>
        <img
          src="https://placedog.net/500?id=21"
        />
      </div>
    </a>
    <a
      class="dog-link"
      href="/dogs/6"
    >
      <div>
        <p>
          meet
        </p>
        <h1>
          Ronny Ron
        </h1>
        <img
          src="https://images.pexels.com/photos/6246667/pexels-photo-6246667.jpeg?auto=compress&cs=tinysrgb&dpr=3&h=750&w=1260"
        />
      </div>
    </a>
    <a
      class="dog-link"
      href="/dogs/14"
    >
      <div>
        <p>
          meet
        </p>
        <h1>
          Eyes
        </h1>
        <img
          src="https://placedog.net/500?id=22"
        />
      </div>
    </a>
    <a
      class="dog-link"
      href="/dogs/15"
    >
      <div>
        <p>
          meet
        </p>
        <h1>
          Pugilicious
        </h1>
        <img
          src="https://placedog.net/500?id=26"
        />
      </div>
    </a>
    <a
      class="dog-link"
      href="/dogs/5"
    >
      <div>
        <p>
          meet
        </p>
        <h1>
          Melba
        </h1>
        <img
          src="https://placedog.net/500?id=8"
        />
      </div>
    </a>
    <a
      class="dog-link"
      href="/dogs/9"
    >
      <div>
        <p>
          meet
        </p>
        <h1>
          Liliana
        </h1>
        <img
          src="https://placedog.net/500?id=5"
        />
      </div>
    </a>
    <a
      class="dog-link"
      href="/dogs/2"
    >
      <div>
        <p>
          meet
        </p>
        <h1>
          Amely
        </h1>
        <img
          src="https://placedog.net/500?id=12"
        />
      </div>
    </a>
    <a
      class="dog-link"
      href="/dogs/3"
    >
      <div>
        <p>
          meet
        </p>
        <h1>
          Althea
        </h1>
        <img
          src="https://placedog.net/500?id=10"
        />
      </div>
    </a>
    <a
      class="dog-link"
      href="/dogs/4"
    >
      <div>
        <p>
          meet
        </p>
        <h1>
          Franny
        </h1>
        <img
          src="https://placedog.net/500?id=51"
        />
      </div>
    </a>
    <a
      class="dog-link"
      href="/dogs/16"
    >
      <div>
        <p>
          meet
        </p>
        <h1>
          Ginny
        </h1>
        <img
          src="https://images.pexels.com/photos/5886866/pexels-photo-5886866.jpeg?auto=compress&cs=tinysrgb&dpr=1&w=500"
        />
      </div>
    </a>
    <a
      class="dog-link"
      href="/dogs/8"
    >
      <div>
        <p>
          meet
        </p>
        <h1>
          Eileen
        </h1>
        <img
          src="https://placedog.net/500?id=4"
        />
      </div>
    </a>
    <a
      class="dog-link"
      href="/dogs/17"
    >
      <div>
        <p>
          meet
        </p>
        <h1>
          Mrs. Weasley
        </h1>
        <img
          src="https://placedog.net/1000/563?id=3"
        />
      </div>
    </a>
  </div>
</div>
`;
